DBG 2024-04-16 11:12:42 test.go:49 > Running command and waiting for it to finish...
DBG 2024-04-16 11:12:42 test.go:51 > Command finished with error: exec: "sleep": executable file not found in %PATH%
